Test file bla for logs....
